
REC006 | 2026-06-07 10:26:16 | WARNING | SHUTTER: SHUTTER_OPEN_TIMEOUT
REC003 | 2026-06-07 10:26:18 | ERROR | CASH_CASSETTE: CASSETTE_LOCK_ERROR
REC005 | 2026-06-07 10:26:19 | WARNING | CASH_RECYCLER: LOW_RECYCLING_CASH
ATM007 | 2026-06-07 10:32:19 | ERROR | CARD_READER: FAIL_TO_EJECT_CARD
ATM005 | 2026-06-07 10:33:43 | INFO | CARD_READER: READER_OK
REC003 | 2026-06-07 10:34:09 | INFO | ESCROW: ESCROW_CLEARED
ATM003 | 2026-06-07 10:34:22 | ERROR | SAFE: SAFE_LOCK_FAILURE
REC006 | 2026-06-07 10:34:37 | WARNING | REJECT_BIN: BIN_REMOVED
ATM007 | 2026-06-07 10:34:57 | WARNING | POWER: LOW_BATTERY
ATM007 | 2026-06-07 10:34:59 | OK | SHUTTER: SHUTTER_CLOSED
REC003 | 2026-06-07 10:35:02 | WARNING | POWER: UPS_ACTIVE
REC008 | 2026-06-07 10:35:07 | ERROR | POWER: POWER_LOST
REC008 | 2026-06-07 10:35:11 | INFO | NETWORK: CONNECTION_RESTORED
ATM005 | 2026-06-07 10:35:15 | ERROR | SAFE: SAFE_LOCK_FAILURE
ATM005 | 2026-06-07 10:35:16 | WARNING | CASH_DISPENSER: LOW_CASH
REC001 | 2026-06-07 10:35:20 | ERROR | DOOR: DOOR_ALARM_TRIGGERED
REC005 | 2026-06-07 10:35:21 | WARNING | CASH_CASSETTE: CASSETTE_LOW_LEVEL
REC007 | 2026-06-07 10:35:24 | ERROR | DOOR: DOOR_FORCED_OPEN
ATM008 | 2026-06-07 10:35:28 | ERROR | CASH_CASSETTE: CASSETTE_LOCK_ERROR
REC005 | 2026-06-07 10:35:29 | ERROR | ESCROW: ESCROW_JAM
ATM002 | 2026-06-07 10:35:32 | OK | DOOR: DOOR_CLOSED
ATM004 | 2026-06-07 10:35:36 | INFO | SHUTTER: SHUTTER_OPEN
REC005 | 2026-06-07 14:58:42 | OK | REJECT_BIN: BIN_EMPTY
ATM007 | 2026-06-07 14:58:45 | ERROR | PRINTER: PRINTER_JAM
